%!Adobe-FontList 1.20
%Locale:0x409

%BeginFont
Handler:DirectoryHandler
FontType:Invalid
OutlineFileName:C:\xampp\htdocs\www\Online_Registration\Application\fpdf\Font\Apache License.txt
FileModTime:1599819126
%EndFont

%BeginFont
Handler:DirectoryHandler
FontType:Invalid
OutlineFileName:C:\xampp\htdocs\www\Online_Registration\Application\fpdf\Font\Arimo-Bold.php
FileModTime:1599819126
%EndFont

%BeginFont
Handler:DirectoryHandler
FontType:Invalid
OutlineFileName:C:\xampp\htdocs\www\Online_Registration\Application\fpdf\Font\Arimo-Bold.z
FileModTime:1599819126
%EndFont

%BeginFont
Handler:DirectoryHandler
FontType:Invalid
OutlineFileName:C:\xampp\htdocs\www\Online_Registration\Application\fpdf\Font\Arimo-BoldItalic.php
FileModTime:1599819126
%EndFont

%BeginFont
Handler:DirectoryHandler
FontType:Invalid
OutlineFileName:C:\xampp\htdocs\www\Online_Registration\Application\fpdf\Font\Arimo-BoldItalic.z
FileModTime:1599819126
%EndFont

%BeginFont
Handler:DirectoryHandler
FontType:Invalid
OutlineFileName:C:\xampp\htdocs\www\Online_Registration\Application\fpdf\Font\Arimo-Italic.php
FileModTime:1599819126
%EndFont

%BeginFont
Handler:DirectoryHandler
FontType:Invalid
OutlineFileName:C:\xampp\htdocs\www\Online_Registration\Application\fpdf\Font\Arimo-Italic.z
FileModTime:1599819126
%EndFont

%BeginFont
Handler:DirectoryHandler
FontType:Invalid
OutlineFileName:C:\xampp\htdocs\www\Online_Registration\Application\fpdf\Font\Arimo-Regular.php
FileModTime:1599819126
%EndFont

%BeginFont
Handler:DirectoryHandler
FontType:Invalid
OutlineFileName:C:\xampp\htdocs\www\Online_Registration\Application\fpdf\Font\Arimo-Regular.z
FileModTime:1599819126
%EndFont

%BeginFont
Handler:DirectoryHandler
FontType:Invalid
OutlineFileName:C:\xampp\htdocs\www\Online_Registration\Application\fpdf\Font\courier.php
FileModTime:1599819126
%EndFont

%BeginFont
Handler:DirectoryHandler
FontType:Invalid
OutlineFileName:C:\xampp\htdocs\www\Online_Registration\Application\fpdf\Font\courierb.php
FileModTime:1599819126
%EndFont

%BeginFont
Handler:DirectoryHandler
FontType:Invalid
OutlineFileName:C:\xampp\htdocs\www\Online_Registration\Application\fpdf\Font\courierbi.php
FileModTime:1599819126
%EndFont

%BeginFont
Handler:DirectoryHandler
FontType:Invalid
OutlineFileName:C:\xampp\htdocs\www\Online_Registration\Application\fpdf\Font\courieri.php
FileModTime:1599819126
%EndFont

%BeginFont
Handler:DirectoryHandler
FontType:Invalid
OutlineFileName:C:\xampp\htdocs\www\Online_Registration\Application\fpdf\Font\helvetica.php
FileModTime:1599819126
%EndFont

%BeginFont
Handler:DirectoryHandler
FontType:Invalid
OutlineFileName:C:\xampp\htdocs\www\Online_Registration\Application\fpdf\Font\helveticab.php
FileModTime:1599819126
%EndFont

%BeginFont
Handler:DirectoryHandler
FontType:Invalid
OutlineFileName:C:\xampp\htdocs\www\Online_Registration\Application\fpdf\Font\helveticabi.php
FileModTime:1599819126
%EndFont

%BeginFont
Handler:DirectoryHandler
FontType:Invalid
OutlineFileName:C:\xampp\htdocs\www\Online_Registration\Application\fpdf\Font\helveticai.php
FileModTime:1599819126
%EndFont

%BeginFont
Handler:DirectoryHandler
FontType:Invalid
OutlineFileName:C:\xampp\htdocs\www\Online_Registration\Application\fpdf\Font\Lato-Regular.php
FileModTime:1599819126
%EndFont

%BeginFont
Handler:DirectoryHandler
FontType:Invalid
OutlineFileName:C:\xampp\htdocs\www\Online_Registration\Application\fpdf\Font\Lato-Regular.z
FileModTime:1599819126
%EndFont

%BeginFont
Handler:DirectoryHandler
FontType:Invalid
OutlineFileName:C:\xampp\htdocs\www\Online_Registration\Application\fpdf\Font\symbol.php
FileModTime:1599819126
%EndFont

%BeginFont
Handler:DirectoryHandler
FontType:Invalid
OutlineFileName:C:\xampp\htdocs\www\Online_Registration\Application\fpdf\Font\times.php
FileModTime:1599819126
%EndFont

%BeginFont
Handler:DirectoryHandler
FontType:Invalid
OutlineFileName:C:\xampp\htdocs\www\Online_Registration\Application\fpdf\Font\timesb.php
FileModTime:1599819126
%EndFont

%BeginFont
Handler:DirectoryHandler
FontType:Invalid
OutlineFileName:C:\xampp\htdocs\www\Online_Registration\Application\fpdf\Font\timesbi.php
FileModTime:1599819126
%EndFont

%BeginFont
Handler:DirectoryHandler
FontType:Invalid
OutlineFileName:C:\xampp\htdocs\www\Online_Registration\Application\fpdf\Font\timesi.php
FileModTime:1599819126
%EndFont

%BeginFont
Handler:DirectoryHandler
FontType:Invalid
OutlineFileName:C:\xampp\htdocs\www\Online_Registration\Application\fpdf\Font\zapfdingbats.php
FileModTime:1599819126
%EndFont

